/test/CodingConventions/ROOT/RN4.cpp:3:1: warning: [sas.CodingConventions.ROOT.RN4] RN4: Ill formed class/struct name. The first letter must be a "T", the second uppercase and the third lowercase
class Tyourclass{}; //bug
^
/test/CodingConventions/ROOT/RN4.cpp:3:1: note: [sas.CodingConventions.ROOT.RN4] RN4: Ill formed class/struct name. The first letter must be a "T", the second uppercase and the third lowercase
/test/CodingConventions/ROOT/RN4.cpp:4:1: warning: [sas.CodingConventions.ROOT.RN4] RN4: Ill formed class/struct name. The first letter must be a "T", the second uppercase and the third lowercase
class myClass{}; //bug
^
/test/CodingConventions/ROOT/RN4.cpp:4:1: note: [sas.CodingConventions.ROOT.RN4] RN4: Ill formed class/struct name. The first letter must be a "T", the second uppercase and the third lowercase
2 warnings generated.
