BlackList/match.cpp:6:4: warning: [sas.CodingConventions.ROOT.RN6] RN6: Enumerations names must start with "E"
   enum myEnum{}; //RN6 bug
   ^
BlackList/match.cpp:6:4: note: [sas.CodingConventions.ROOT.RN6] RN6: Enumerations names must start with "E"
BlackList/match.cpp:10:4: warning: [sas.CodingConventions.ROOT.RN3] RN3: Typedefs and aliases names must end with a "_t"
   typedef int time;  // RN3 bug
   ^
BlackList/match.cpp:10:4: note: [sas.CodingConventions.ROOT.RN3] RN3: Typedefs and aliases names must end with a "_t"
BlackList/match.cpp:13:4: warning: [sas.CodingConventions.ROOT.RN6] RN6: Enumerations names must start with "E"
   enum myEnum{}; //RN6 bug
   ^
BlackList/match.cpp:13:4: note: [sas.CodingConventions.ROOT.RN6] RN6: Enumerations names must start with "E"
3 warnings generated.
